MemTotal:        1016372 kB
MemFree:          254093 kB
MemAvailable:     721940 kB
Buffers:           12812 kB
Cached:           203772 kB
SwapCached:            0 kB
Active:           229864 kB
Inactive:         108388 kB
Active(anon):     163288 kB
Inactive(anon):    12960 kB
Active(file):      66576 kB
Inactive(file):    95428 kB
Unevictable:       41008 kB
Mlocked:               0 kB
HighTotal:        262144 kB
HighFree:            400 kB
LowTotal:         754228 kB
LowFree:          557028 kB
SwapTotal:             0 kB
SwapFree:              0 kB
Dirty:                68 kB
Writeback:             0 kB
AnonPages:        162748 kB
Mapped:           111312 kB
Shmem:             54584 kB
KReclaimable:      26784 kB
Slab:              47552 kB
SReclaimable:      26784 kB
SUnreclaim:        20768 kB
KernelStack:        2032 kB
PageTables:         4256 kB
NFS_Unstable:          0 kB
Bounce:                0 kB
WritebackTmp:          0 kB
CommitLimit:      508184 kB
Committed_AS:    1207796 kB
VmallocTotal:     245760 kB
VmallocUsed:        5464 kB
VmallocChunk:          0 kB
Percpu:              464 kB
CmaTotal:          65536 kB
CmaFree:             112 kB
